/app/backend/app/models/alert.py:55: SAWarning: Can't validate argument 'postgres_where'; can't locate any SQLAlchemy dialect named 'postgres'
  Index("ix_alert_acknowledged_by", acknowledged_by, postgres_where=(acknowledged_by != None)),
/home/jules/.pyenv/versions/3.12.13/lib/python3.12/site-packages/pydantic/_internal/_fields.py:160: UserWarning: Field "model_version" has conflict with protected namespace "model_".

You may be able to resolve this warning by setting `model_config['protected_namespaces'] = ()`.
  warnings.warn(
Traceback (most recent call last):
  File "/home/jules/.pyenv/versions/3.12.13/bin/uvicorn", line 6, in <module>
    sys.exit(main())
             ^^^^^^
  File "/home/jules/.pyenv/versions/3.12.13/lib/python3.12/site-packages/click/core.py", line 1569, in __call__
    return self.main(*args, **kwargs)
           ^^^^^^^^^^^^^^^^^^^^^^^^^^
  File "/home/jules/.pyenv/versions/3.12.13/lib/python3.12/site-packages/click/core.py", line 1490, in main
    rv = self.invoke(ctx)
         ^^^^^^^^^^^^^^^^
  File "/home/jules/.pyenv/versions/3.12.13/lib/python3.12/site-packages/click/core.py", line 1353, in invoke
    return ctx.invoke(self.callback, **ctx.params)
           ^^^^^^^^^^^^^^^^^^^^^^^^^^^^^^^^^^^^^^^
  File "/home/jules/.pyenv/versions/3.12.13/lib/python3.12/site-packages/click/core.py", line 907, in invoke
    return callback(*args, **kwargs)
           ^^^^^^^^^^^^^^^^^^^^^^^^^
  File "/home/jules/.pyenv/versions/3.12.13/lib/python3.12/site-packages/uvicorn/main.py", line 410, in main
    run(
  File "/home/jules/.pyenv/versions/3.12.13/lib/python3.12/site-packages/uvicorn/main.py", line 577, in run
    server.run()
  File "/home/jules/.pyenv/versions/3.12.13/lib/python3.12/site-packages/uvicorn/server.py", line 65, in run
    return asyncio.run(self.serve(sockets=sockets))
           ^^^^^^^^^^^^^^^^^^^^^^^^^^^^^^^^^^^^^^^^
  File "/home/jules/.pyenv/versions/3.12.13/lib/python3.12/asyncio/runners.py", line 195, in run
    return runner.run(main)
           ^^^^^^^^^^^^^^^^
  File "/home/jules/.pyenv/versions/3.12.13/lib/python3.12/asyncio/runners.py", line 118, in run
    return self._loop.run_until_complete(task)
           ^^^^^^^^^^^^^^^^^^^^^^^^^^^^^^^^^^^
  File "uvloop/loop.pyx", line 1518, in uvloop.loop.Loop.run_until_complete
  File "/home/jules/.pyenv/versions/3.12.13/lib/python3.12/site-packages/uvicorn/server.py", line 69, in serve
    await self._serve(sockets)
  File "/home/jules/.pyenv/versions/3.12.13/lib/python3.12/site-packages/uvicorn/server.py", line 76, in _serve
    config.load()
  File "/home/jules/.pyenv/versions/3.12.13/lib/python3.12/site-packages/uvicorn/config.py", line 434, in load
    self.loaded_app = import_from_string(self.app)
                      ^^^^^^^^^^^^^^^^^^^^^^^^^^^^
  File "/home/jules/.pyenv/versions/3.12.13/lib/python3.12/site-packages/uvicorn/importer.py", line 22, in import_from_string
    raise exc from None
  File "/home/jules/.pyenv/versions/3.12.13/lib/python3.12/site-packages/uvicorn/importer.py", line 19, in import_from_string
    module = importlib.import_module(module_str)
             ^^^^^^^^^^^^^^^^^^^^^^^^^^^^^^^^^^^
  File "/home/jules/.pyenv/versions/3.12.13/lib/python3.12/importlib/__init__.py", line 90, in import_module
    return _bootstrap._gcd_import(name[level:], package, level)
           ^^^^^^^^^^^^^^^^^^^^^^^^^^^^^^^^^^^^^^^^^^^^^^^^^^^^
  File "<frozen importlib._bootstrap>", line 1387, in _gcd_import
  File "<frozen importlib._bootstrap>", line 1360, in _find_and_load
  File "<frozen importlib._bootstrap>", line 1331, in _find_and_load_unlocked
  File "<frozen importlib._bootstrap>", line 935, in _load_unlocked
  File "<frozen importlib._bootstrap_external>", line 999, in exec_module
  File "<frozen importlib._bootstrap>", line 488, in _call_with_frames_removed
  File "/app/backend/app/main.py", line 16, in <module>
    from app.core.scheduler import start_scheduler, stop_scheduler
  File "/app/backend/app/core/scheduler.py", line 6, in <module>
    from app.services.ingestion_service import ingestion_service
  File "/app/backend/app/services/ingestion_service.py", line 7, in <module>
    from app.api.integrations import weather_client
  File "/app/backend/app/api/integrations.py", line 3, in <module>
    from algoliasearch.search_client import SearchClient
ModuleNotFoundError: No module named 'algoliasearch.search_client'
